<?php return array (
  0 => 'Symfony\\Bundle\\FrameworkBundle\\Controller\\AbstractController',
  1 => 'App\\Controller\\ListController',
  2 => 'App\\Controller\\PostsController',
  3 => 'App\\Controller\\SecurityController',
  4 => 'App\\Controller\\newsletters\\NewsletterController',
  5 => 'App\\Controller\\newsletters\\UserDeleteController',
  6 => 'App\\Controller\\newsletters\\UserJoinController',
  7 => 'App\\Controller\\users\\ActivateController',
  8 => 'App\\Controller\\users\\ExpireController',
  9 => 'App\\Controller\\users\\PasswordChangeController',
  10 => 'App\\Controller\\users\\PasswordResetController',
  11 => 'App\\Controller\\users\\RegisterController',
  12 => 'App\\Entity\\Comments\\Comment',
  13 => 'App\\Entity\\Comments\\CommentsInterface',
  14 => 'App\\Entity\\Comments\\ReadModel\\Comments',
  15 => 'App\\Entity\\Comments\\ReadModel\\CommentsQueryInterface',
  16 => 'App\\Entity\\Comments\\UseCase\\CreateComment',
  17 => 'App\\Entity\\Comments\\UseCase\\CreateComment\\Command',
  18 => 'App\\Entity\\Comments\\UseCase\\CreateComment\\NullResponder',
  19 => 'App\\Entity\\Comments\\UseCase\\CreateComment\\Responder',
  20 => 'App\\Entity\\Likes\\Like',
  21 => 'App\\Entity\\Likes\\LikesInterface',
  22 => 'App\\Entity\\Likes\\ReadModel\\Likes',
  23 => 'App\\Entity\\Likes\\ReadModel\\LikesQueryInterface',
  24 => 'App\\Entity\\Likes\\UseCase\\addLike',
  25 => 'App\\Entity\\Likes\\UseCase\\addLike\\Command',
  26 => 'App\\Entity\\Likes\\UseCase\\addLike\\NullResponder',
  27 => 'App\\Entity\\Likes\\UseCase\\addLike\\Responder',
  28 => 'App\\Entity\\Likes\\UseCase\\unlike',
  29 => 'App\\Entity\\Likes\\UseCase\\unlike\\Command',
  30 => 'App\\Entity\\Likes\\UseCase\\unlike\\NullResponder',
  31 => 'App\\Entity\\Likes\\UseCase\\unlike\\Responder',
  32 => 'App\\Entity\\Newsletter\\Newsletter',
  33 => 'App\\Entity\\Newsletter\\NewslettersInterface',
  34 => 'App\\Entity\\Newsletter\\Newsletters\\ReadModel\\Newsletters',
  35 => 'App\\Entity\\Newsletter\\Newsletters\\UseCase\\AnonJoinNewsletter',
  36 => 'App\\Entity\\Newsletter\\Newsletters\\UseCase\\AnonJoinNewsletter\\Command',
  37 => 'App\\Entity\\Newsletter\\Newsletters\\UseCase\\AnonJoinNewsletter\\NullResponder',
  38 => 'App\\Entity\\Newsletter\\Newsletters\\UseCase\\AnonJoinNewsletter\\Responder',
  39 => 'App\\Entity\\Newsletter\\Newsletters\\UseCase\\UserDeleteNewsletter',
  40 => 'App\\Entity\\Newsletter\\Newsletters\\UseCase\\UserDeleteNewsletter\\Command',
  41 => 'App\\Entity\\Newsletter\\Newsletters\\UseCase\\UserDeleteNewsletter\\NullResponder',
  42 => 'App\\Entity\\Newsletter\\Newsletters\\UseCase\\UserDeleteNewsletter\\Responder',
  43 => 'App\\Entity\\Newsletter\\Newsletters\\UseCase\\UserJoinNewsletter',
  44 => 'App\\Entity\\Newsletter\\Newsletters\\UseCase\\UserJoinNewsletter\\Command',
  45 => 'App\\Entity\\Newsletter\\Newsletters\\UseCase\\UserJoinNewsletter\\NullResponder',
  46 => 'App\\Entity\\Newsletter\\Newsletters\\UseCase\\UserJoinNewsletter\\Responder',
  47 => 'App\\Entity\\Posts\\Post',
  48 => 'App\\Entity\\Posts\\PostsInterface',
  49 => 'App\\Entity\\Posts\\ReadModel\\PostsQueryInterface',
  50 => 'App\\Entity\\Posts\\ReadModel\\PostsReadModel',
  51 => 'App\\Entity\\Posts\\UseCase\\CreatePost',
  52 => 'App\\Entity\\Posts\\UseCase\\CreatePost\\Command',
  53 => 'App\\Entity\\Posts\\UseCase\\CreatePost\\NullResponder',
  54 => 'App\\Entity\\Posts\\UseCase\\CreatePost\\Responder',
  55 => 'App\\Entity\\Users\\ReadModel\\Users',
  56 => 'App\\Entity\\Users\\ReadModel\\UsersQueryInterface',
  57 => 'App\\Entity\\Users\\UseCase\\ActivateUser',
  58 => 'App\\Entity\\Users\\UseCase\\ActivateUser\\Command',
  59 => 'App\\Entity\\Users\\UseCase\\ActivateUser\\NullResponder',
  60 => 'App\\Entity\\Users\\UseCase\\ActivateUser\\Responder',
  61 => 'App\\Entity\\Users\\UseCase\\CreateUser',
  62 => 'App\\Entity\\Users\\UseCase\\CreateUser\\Command',
  63 => 'App\\Entity\\Users\\UseCase\\CreateUser\\NullResponder',
  64 => 'App\\Entity\\Users\\UseCase\\CreateUser\\Responder',
  65 => 'App\\Entity\\Users\\UseCase\\ExpireUser',
  66 => 'App\\Entity\\Users\\UseCase\\ExpireUser\\Command',
  67 => 'App\\Entity\\Users\\UseCase\\ExpireUser\\NullResponder',
  68 => 'App\\Entity\\Users\\UseCase\\ExpireUser\\Responder',
  69 => 'App\\Entity\\Users\\UseCase\\PasswordChangeUser',
  70 => 'App\\Entity\\Users\\UseCase\\PasswordChangeUser\\Command',
  71 => 'App\\Entity\\Users\\UseCase\\PasswordChangeUser\\NullResponder',
  72 => 'App\\Entity\\Users\\UseCase\\PasswordChangeUser\\Responder',
  73 => 'App\\Entity\\Users\\UseCase\\PasswordResetUser',
  74 => 'App\\Entity\\Users\\UseCase\\PasswordResetUser\\Command',
  75 => 'App\\Entity\\Users\\UseCase\\PasswordResetUser\\NullResponder',
  76 => 'App\\Entity\\Users\\UseCase\\PasswordResetUser\\Responder',
  77 => 'App\\Entity\\Users\\User',
  78 => 'App\\Entity\\Users\\UsersInterface',
  79 => 'Doctrine\\Bundle\\DoctrineBundle\\Controller\\ProfilerController',
  80 => 'Doctrine\\ORM\\Cache\\Persister\\Entity\\AbstractEntityPersister',
  81 => 'Doctrine\\ORM\\Cache\\Persister\\Entity\\CachedEntityPersister',
  82 => 'Doctrine\\ORM\\Cache\\Persister\\Entity\\NonStrictReadWriteCachedEntityPersister',
  83 => 'Doctrine\\ORM\\Cache\\Persister\\Entity\\ReadOnlyCachedEntityPersister',
  84 => 'Doctrine\\ORM\\Cache\\Persister\\Entity\\ReadWriteCachedEntityPersister',
  85 => 'Doctrine\\ORM\\Persisters\\Entity\\AbstractEntityInheritancePersister',
  86 => 'Doctrine\\ORM\\Persisters\\Entity\\BasicEntityPersister',
  87 => 'Doctrine\\ORM\\Persisters\\Entity\\CachedPersisterContext',
  88 => 'Doctrine\\ORM\\Persisters\\Entity\\EntityPersister',
  89 => 'Doctrine\\ORM\\Persisters\\Entity\\JoinedSubclassPersister',
  90 => 'Doctrine\\ORM\\Persisters\\Entity\\SingleTablePersister',
  92 => 'Symfony\\Bundle\\FrameworkBundle\\Controller\\ControllerResolver',
  93 => 'Symfony\\Bundle\\FrameworkBundle\\Controller\\RedirectController',
  94 => 'Symfony\\Bundle\\FrameworkBundle\\Controller\\TemplateController',
  95 => 'Symfony\\Bundle\\WebProfilerBundle\\Controller\\ExceptionPanelController',
  96 => 'Symfony\\Bundle\\WebProfilerBundle\\Controller\\ProfilerController',
  97 => 'Symfony\\Bundle\\WebProfilerBundle\\Controller\\RouterController',
  98 => 'Symfony\\Component\\HttpKernel\\Controller\\ArgumentResolver',
  99 => 'Symfony\\Component\\HttpKernel\\Controller\\ArgumentResolverInterface',
  100 => 'Symfony\\Component\\HttpKernel\\Controller\\ArgumentResolver\\DefaultValueResolver',
  101 => 'Symfony\\Component\\HttpKernel\\Controller\\ArgumentResolver\\NotTaggedControllerValueResolver',
  102 => 'Symfony\\Component\\HttpKernel\\Controller\\ArgumentResolver\\RequestAttributeValueResolver',
  103 => 'Symfony\\Component\\HttpKernel\\Controller\\ArgumentResolver\\RequestValueResolver',
  104 => 'Symfony\\Component\\HttpKernel\\Controller\\ArgumentResolver\\ServiceValueResolver',
  105 => 'Symfony\\Component\\HttpKernel\\Controller\\ArgumentResolver\\SessionValueResolver',
  106 => 'Symfony\\Component\\HttpKernel\\Controller\\ArgumentResolver\\TraceableValueResolver',
  107 => 'Symfony\\Component\\HttpKernel\\Controller\\ArgumentResolver\\VariadicValueResolver',
  108 => 'Symfony\\Component\\HttpKernel\\Controller\\ArgumentValueResolverInterface',
  109 => 'Symfony\\Component\\HttpKernel\\Controller\\ContainerControllerResolver',
  110 => 'Symfony\\Component\\HttpKernel\\Controller\\ControllerReference',
  111 => 'Symfony\\Component\\HttpKernel\\Controller\\ControllerResolver',
  112 => 'Symfony\\Component\\HttpKernel\\Controller\\ControllerResolverInterface',
  113 => 'Symfony\\Component\\HttpKernel\\Controller\\ErrorController',
  114 => 'Symfony\\Component\\HttpKernel\\Controller\\TraceableArgumentResolver',
  115 => 'Symfony\\Component\\HttpKernel\\Controller\\TraceableControllerResolver',
  116 => 'Symfony\\Component\\Security\\Http\\Controller\\UserValueResolver',
);